#
# There is insufficient memory for the Java Runtime Environment to continue.
# Native memory allocation (malloc) failed to allocate 1048576 bytes. Error detail: AllocateHeap
# Possible reasons:
#   The system is out of physical RAM or swap space
#   This process is running with CompressedOops enabled, and the Java Heap may be blocking the growth of the native heap
# Possible solutions:
#   Reduce memory load on the system
#   Increase physical memory or swap space
#   Check if swap backing store is full
#   Decrease Java heap size (-Xmx/-Xms)
#   Decrease number of Java threads
#   Decrease Java thread stack sizes (-Xss)
#   Set larger code cache with -XX:ReservedCodeCacheSize=
#   JVM is running with Unscaled Compressed Oops mode in which the Java heap is
#     placed in the first 4GB address space. The Java Heap base address is the
#     maximum limit for the native heap growth. Please use -XX:HeapBaseMinAddress
#     to set the Java Heap base and to place the Java Heap above 4GB virtual address.
# This output file may be truncated or incomplete.
#
#  Out of Memory Error (allocation.cpp:44), pid=34708, tid=31628
#
# JRE version: OpenJDK Runtime Environment Temurin-21.0.9+10 (21.0.9+10) (build 21.0.9+10-LTS)
# Java VM: OpenJDK 64-Bit Server VM Temurin-21.0.9+10 (21.0.9+10-LTS, mixed mode, sharing, tiered, compressed oops, compressed class ptrs, parallel gc, windows-amd64)
# No core dump will be written. Minidumps are not enabled by default on client versions of Windows
#

---------------  S U M M A R Y ------------

Command Line: --add-modules=ALL-SYSTEM --add-opens=java.base/java.util=ALL-UNNAMED --add-opens=java.base/java.lang=ALL-UNNAMED --add-opens=java.base/sun.nio.fs=ALL-UNNAMED -Declipse.application=org.eclipse.jdt.ls.core.id1 -Dosgi.bundles.defaultStartLevel=4 -Declipse.product=org.eclipse.jdt.ls.core.product -Djava.import.generatesMetadataFilesAtProjectRoot=false -DDetectVMInstallationsJob.disabled=true -Dfile.encoding=utf8 -XX:+UseParallelGC -XX:GCTimeRatio=4 -XX:AdaptiveSizePolicyWeight=90 -Dsun.zip.disableMemoryMapping=true -Xmx2G -Xms100m -Xlog:disable -javaagent:c:\Users\migue\.vscode\extensions\redhat.java-1.50.0-win32-x64\lombok\lombok-1.18.39-4050.jar -XX:+HeapDumpOnOutOfMemoryError -XX:HeapDumpPath=c:\Users\migue\AppData\Roaming\Code\User\workspaceStorage\a639b46f90215a13307bf9c14b7ca7a8\redhat.java -Daether.dependencyCollector.impl=bf c:\Users\migue\.vscode\extensions\redhat.java-1.50.0-win32-x64\server\plugins\org.eclipse.equinox.launcher_1.7.100.v20251111-0406.jar -configuration c:\Users\migue\AppData\Roaming\Code\User\globalStorage\redhat.java\1.50.0\config_win -data c:\Users\migue\AppData\Roaming\Code\User\workspaceStorage\a639b46f90215a13307bf9c14b7ca7a8\redhat.java\jdt_ws --pipe=\\.\pipe\lsp-9b3734d0eb4cf35f00beb71c55b6a4d1-sock

Host: 11th Gen Intel(R) Core(TM) i5-1135G7 @ 2.40GHz, 8 cores, 7G,  Windows 11 , 64 bit Build 26100 (10.0.26100.7309)
Time: Fri Jan  2 20:05:23 2026 Hora oficial do Brasil elapsed time: 3124.405675 seconds (0d 0h 52m 4s)

---------------  T H R E A D  ---------------

Current thread (0x0000024d9ca63b50):  JavaThread "Attach Listener" daemon [_thread_in_vm, id=31628, stack(0x000000dfbe100000,0x000000dfbe200000) (1024K)]

Stack: [0x000000dfbe100000,0x000000dfbe200000]
Native frames: (J=compiled Java code, j=interpreted, Vv=VM code, C=native code)
V  [jvm.dll+0x6d6e29]
V  [jvm.dll+0x8b4b76]
V  [jvm.dll+0x8b712e]
V  [jvm.dll+0x8b7813]
V  [jvm.dll+0x283d86]
V  [jvm.dll+0xc1277]
V  [jvm.dll+0x6d76d9]
V  [jvm.dll+0x133466]
V  [jvm.dll+0x3f7ea6]
V  [jvm.dll+0x85e9ad]
V  [jvm.dll+0x6d565d]
C  [ucrtbase.dll+0x37b0]
C  [KERNEL32.DLL+0x2e8d7]
C  [ntdll.dll+0x8c53c]


---------------  P R O C E S S  ---------------

Threads class SMR info:
_java_thread_list=0x0000024de7a3e6a0, length=40, elements={
0x0000024d83c39910, 0x0000024d9ca5bf20, 0x0000024d9ca5ce30, 0x0000024d9ca61b60,
0x0000024d9ca63b50, 0x0000024d9ca665b0, 0x0000024d9ca67000, 0x0000024d9ca69e40,
0x0000024d9ca9b450, 0x0000024ddf553a30, 0x0000024ddf5a3320, 0x0000024ddfc1c890,
0x0000024ddf7df350, 0x0000024ddf9a3fe0, 0x0000024ddfba82f0, 0x0000024ddfd166e0,
0x0000024de41a87d0, 0x0000024de42bb830, 0x0000024de42bcbe0, 0x0000024de42bbec0,
0x0000024de42ba480, 0x0000024de7ae0900, 0x0000024de7ae0f90, 0x0000024de7ae1620,
0x0000024de7adf550, 0x0000024de7ae1cb0, 0x0000024de7ade830, 0x0000024de7adfbe0,
0x0000024de7adeec0, 0x0000024de7ae0270, 0x0000024de66af490, 0x0000024de66afb20,
0x0000024de66ae0e0, 0x0000024ddf678b20, 0x0000024ddf675d30, 0x0000024ddf6791b0,
0x0000024ddf679840, 0x0000024ddf6770e0, 0x0000024ddf679ed0, 0x0000024ddf677e00
}

Java Threads: ( => current thread )
  0x0000024d83c39910 JavaThread "main"                              [_thread_blocked, id=34284, stack(0x000000dfbda00000,0x000000dfbdb00000) (1024K)]
  0x0000024d9ca5bf20 JavaThread "Reference Handler"          daemon [_thread_blocked, id=1968, stack(0x000000dfbde00000,0x000000dfbdf00000) (1024K)]
  0x0000024d9ca5ce30 JavaThread "Finalizer"                  daemon [_thread_blocked, id=14556, stack(0x000000dfbdf00000,0x000000dfbe000000) (1024K)]
  0x0000024d9ca61b60 JavaThread "Signal Dispatcher"          daemon [_thread_blocked, id=40800, stack(0x000000dfbe000000,0x000000dfbe100000) (1024K)]
=>0x0000024d9ca63b50 JavaThread "Attach Listener"            daemon [_thread_in_vm, id=31628, stack(0x000000dfbe100000,0x000000dfbe200000) (1024K)]
  0x0000024d9ca665b0 JavaThread "Service Thread"             daemon [_thread_blocked, id=25476, stack(0x000000dfbe200000,0x000000dfbe300000) (1024K)]
  0x0000024d9ca67000 JavaThread "Monitor Deflation Thread"   daemon [_thread_blocked, id=35792, stack(0x000000dfbe300000,0x000000dfbe400000) (1024K)]
  0x0000024d9ca69e40 JavaThread "C2 CompilerThread0"         daemon [_thread_blocked, id=35432, stack(0x000000dfbe400000,0x000000dfbe500000) (1024K)]
  0x0000024d9ca9b450 JavaThread "C1 CompilerThread0"         daemon [_thread_blocked, id=38792, stack(0x000000dfbe500000,0x000000dfbe600000) (1024K)]
  0x0000024ddf553a30 JavaThread "Common-Cleaner"             daemon [_thread_blocked, id=34860, stack(0x000000dfbe600000,0x000000dfbe700000) (1024K)]
  0x0000024ddf5a3320 JavaThread "Notification Thread"        daemon [_thread_blocked, id=37784, stack(0x000000dfbe700000,0x000000dfbe800000) (1024K)]
  0x0000024ddfc1c890 JavaThread "Active Thread: Equinox Container: 99643dc9-8cdc-4f50-8d12-261ed38707a9"        [_thread_blocked, id=36040, stack(0x000000dfbf000000,0x000000dfbf100000) (1024K)]
  0x0000024ddf7df350 JavaThread "Refresh Thread: Equinox Container: 99643dc9-8cdc-4f50-8d12-261ed38707a9" daemon [_thread_blocked, id=36780, stack(0x000000dfbe800000,0x000000dfbe900000) (1024K)]
  0x0000024ddf9a3fe0 JavaThread "Framework Event Dispatcher: Equinox Container: 99643dc9-8cdc-4f50-8d12-261ed38707a9" daemon [_thread_blocked, id=35464, stack(0x000000dfbf100000,0x000000dfbf200000) (1024K)]
  0x0000024ddfba82f0 JavaThread "Start Level: Equinox Container: 99643dc9-8cdc-4f50-8d12-261ed38707a9" daemon [_thread_blocked, id=20004, stack(0x000000dfbf200000,0x000000dfbf300000) (1024K)]
  0x0000024ddfd166e0 JavaThread "Bundle File Closer"         daemon [_thread_blocked, id=33964, stack(0x000000dfbf300000,0x000000dfbf400000) (1024K)]
  0x0000024de41a87d0 JavaThread "SCR Component Actor"        daemon [_thread_blocked, id=33908, stack(0x000000dfbf400000,0x000000dfbf500000) (1024K)]
  0x0000024de42bb830 JavaThread "Worker-JM"                         [_thread_blocked, id=38820, stack(0x000000dfbf600000,0x000000dfbf700000) (1024K)]
  0x0000024de42bcbe0 JavaThread "JNA Cleaner"                daemon [_thread_blocked, id=35536, stack(0x000000dfbf500000,0x000000dfbf600000) (1024K)]
  0x0000024de42bbec0 JavaThread "Worker-1"                          [_thread_blocked, id=21192, stack(0x000000dfbf800000,0x000000dfbf900000) (1024K)]
  0x0000024de42ba480 JavaThread "Java indexing"              daemon [_thread_blocked, id=2708, stack(0x000000dfbfb00000,0x000000dfbfc00000) (1024K)]
  0x0000024de7ae0900 JavaThread "Thread-1"                   daemon [_thread_in_native, id=1856, stack(0x000000dfc0100000,0x000000dfc0200000) (1024K)]
  0x0000024de7ae0f90 JavaThread "Thread-2"                   daemon [_thread_in_native, id=8168, stack(0x000000dfc0200000,0x000000dfc0300000) (1024K)]
  0x0000024de7ae1620 JavaThread "Thread-3"                   daemon [_thread_in_native, id=38604, stack(0x000000dfc0300000,0x000000dfc0400000) (1024K)]
  0x0000024de7adf550 JavaThread "Thread-4"                   daemon [_thread_in_native, id=41116, stack(0x000000dfc0400000,0x000000dfc0500000) (1024K)]
  0x0000024de7ae1cb0 JavaThread "Thread-5"                   daemon [_thread_in_native, id=37916, stack(0x000000dfc0500000,0x000000dfc0600000) (1024K)]
  0x0000024de7ade830 JavaThread "Thread-6"                   daemon [_thread_in_native, id=9624, stack(0x000000dfc0600000,0x000000dfc0700000) (1024K)]
  0x0000024de7adfbe0 JavaThread "Thread-7"                   daemon [_thread_in_native, id=36572, stack(0x000000dfc0700000,0x000000dfc0800000) (1024K)]
  0x0000024de7adeec0 JavaThread "Thread-8"                   daemon [_thread_in_native, id=40092, stack(0x000000dfc0800000,0x000000dfc0900000) (1024K)]
  0x0000024de7ae0270 JavaThread "Thread-9"                   daemon [_thread_in_native, id=14424, stack(0x000000dfc0900000,0x000000dfc0a00000) (1024K)]
  0x0000024de66af490 JavaThread "pool-2-thread-1"                   [_thread_blocked, id=17468, stack(0x000000dfc0a00000,0x000000dfc0b00000) (1024K)]
  0x0000024de66afb20 JavaThread "WorkspaceEventsHandler"            [_thread_blocked, id=12764, stack(0x000000dfc0b00000,0x000000dfc0c00000) (1024K)]
  0x0000024de66ae0e0 JavaThread "pool-1-thread-1"                   [_thread_blocked, id=39080, stack(0x000000dfc0c00000,0x000000dfc0d00000) (1024K)]
  0x0000024ddf678b20 JavaThread "Worker-5"                          [_thread_blocked, id=35624, stack(0x000000dfbd700000,0x000000dfbd800000) (1024K)]
  0x0000024ddf675d30 JavaThread "Java Debug Server"          daemon [_thread_in_native, id=34076, stack(0x000000dfbd800000,0x000000dfbd900000) (1024K)]
  0x0000024ddf6791b0 JavaThread "pool-5-thread-1"                   [_thread_in_native, id=42336, stack(0x000000dfbd900000,0x000000dfbda00000) (1024K)]
  0x0000024ddf679840 JavaThread "RxSchedulerPurge-1"         daemon [_thread_blocked, id=1072, stack(0x000000dfbf700000,0x000000dfbf800000) (1024K)]
  0x0000024ddf6770e0 JavaThread "RxCachedWorkerPoolEvictor-1" daemon [_thread_blocked, id=41252, stack(0x000000dfbfa00000,0x000000dfbfb00000) (1024K)]
  0x0000024ddf679ed0 JavaThread "RxNewThreadScheduler-1"     daemon [_thread_blocked, id=40300, stack(0x000000dfbfc00000,0x000000dfbfd00000) (1024K)]
  0x0000024ddf677e00 JavaThread "process reaper (pid 24472)" daemon [_thread_in_native, id=43020, stack(0x000000dfbd390000,0x000000dfbd3b0000) (128K)]
Total: 40

Other Threads:
  0x0000024d860aec00 VMThread "VM Thread"                           [id=40124, stack(0x000000dfbdd00000,0x000000dfbde00000) (1024K)]
  0x0000024d86058400 WatcherThread "VM Periodic Task Thread"        [id=36960, stack(0x000000dfbdc00000,0x000000dfbdd00000) (1024K)]
  0x0000024d8600ba70 WorkerThread "GC Thread#0"                     [id=25552, stack(0x000000dfbdb00000,0x000000dfbdc00000) (1024K)]
  0x0000024ddfc99bc0 WorkerThread "GC Thread#1"                     [id=36544, stack(0x000000dfbe900000,0x000000dfbea00000) (1024K)]
  0x0000024ddf697e20 WorkerThread "GC Thread#2"                     [id=12448, stack(0x000000dfbea00000,0x000000dfbeb00000) (1024K)]
  0x0000024ddfc99f60 WorkerThread "GC Thread#3"                     [id=13484, stack(0x000000dfbeb00000,0x000000dfbec00000) (1024K)]
  0x0000024ddfc9a300 WorkerThread "GC Thread#4"                     [id=10544, stack(0x000000dfbec00000,0x000000dfbed00000) (1024K)]
  0x0000024ddfad8600 WorkerThread "GC Thread#5"                     [id=7260, stack(0x000000dfbed00000,0x000000dfbee00000) (1024K)]
  0x0000024ddfad89a0 WorkerThread "GC Thread#6"                     [id=41740, stack(0x000000dfbee00000,0x000000dfbef00000) (1024K)]
  0x0000024ddfceced0 WorkerThread "GC Thread#7"                     [id=11784, stack(0x000000dfbef00000,0x000000dfbf000000) (1024K)]
Total: 10

Threads with active compile tasks:
Total: 0

VM state: not at safepoint (normal execution)

VM Mutex/Monitor currently owned by a thread: None

Heap address: 0x0000000080000000, size: 2048 MB, Compressed Oops mode: 32-bit

CDS archive(s) mapped at: [0x0000024d9d000000-0x0000024d9dba0000-0x0000024d9dba0000), size 12189696, SharedBaseAddress: 0x0000024d9d000000, ArchiveRelocationMode: 1.
Compressed class space mapped at: 0x0000024d9e000000-0x0000024dde000000, reserved size: 1073741824
Narrow klass base: 0x0000024d9d000000, Narrow klass shift: 0, Narrow klass range: 0x100000000

GC Precious Log:
 CardTable entry size: 512
 CPUs: 8 total, 8 available
 Memory: 7971M
 Large Page Support: Disabled
 NUMA Support: Disabled
 Compressed Oops: Enabled (32-bit)
 Alignments: Space 512K, Generation 512K, Heap 2M
 Heap Min Capacity: 100M
 Heap Initial Capacity: 100M
 Heap Max Capacity: 2G
 Pre-touch: Disabled
 Parallel Workers: 8

Heap:
 PSYoungGen      total 3584K, used 3250K [0x00000000d5580000, 0x00000000d5b80000, 0x0000000100000000)
  eden space 3072K, 94% used [0x00000000d5580000,0x00000000d5854940,0x00000000d5880000)
  from space 512K, 68% used [0x00000000d5b00000,0x00000000d5b58000,0x00000000d5b80000)
  to   space 512K, 0% used [0x00000000d5a80000,0x00000000d5a80000,0x00000000d5b00000)
 ParOldGen       total 201728K, used 201256K [0x0000000080000000, 0x000000008c500000, 0x00000000d5580000)
  object space 201728K, 99% used [0x0000000080000000,0x000000008c48a3e0,0x000000008c500000)
 Metaspace       used 76555K, committed 78208K, reserved 1179648K
  class space    used 8227K, committed 8960K, reserved 1048576K

Card table byte_map: [0x0000024d85990000,0x0000024d85da0000] _byte_map_base: 0x0000024d85590000

Marking Bits: (ParMarkBitMap*) 0x00007ffaef4b2460
 Begin Bits: [0x0000024d984a0000, 0x0000024d9a4a0000)
 End Bits:   [0x0000024d9a4a0000, 0x0000024d9c4a0000)

Polling page: 0x0000024d83fd0000

Metaspace:

Usage:
  Non-class:     66.73 MB used.
      Class:      8.03 MB used.
       Both:     74.76 MB used.

Virtual space:
  Non-class space:      128.00 MB reserved,      67.62 MB ( 53%) committed,  2 nodes.
      Class space:        1.00 GB reserved,       8.75 MB ( <1%) committed,  1 nodes.
             Both:        1.12 GB reserved,      76.38 MB (  7%) committed. 

Chunk freelists:
   Non-Class:  12.38 MB
       Class:  7.15 MB
        Both:  19.53 MB

MaxMetaspaceSize: unlimited
CompressedClassSpaceSize: 1.00 GB
Initial GC threshold: 21.00 MB
Current GC threshold: 97.31 MB
CDS: on
 - commit_granule_bytes: 65536.
 - commit_granule_words: 8192.
 - virtual_space_node_default_size: 8388608.
 - enlarge_chunks_in_place: 1.
 - use_allocation_guard: 0.


Internal statistics:

num_allocs_failed_limit: 9.
num_arena_births: 1414.
num_arena_deaths: 14.
num_vsnodes_births: 3.
num_vsnodes_deaths: 0.
num_space_committed: 1222.
num_space_uncommitted: 0.
num_chunks_returned_to_freelist: 23.
num_chunks_taken_from_freelist: 4959.
num_chunk_merges: 13.
num_chunk_splits: 3015.
num_chunks_enlarged: 1647.
num_inconsistent_stats: 0.

CodeHeap 'non-profiled nmethods': size=120000Kb used=10164Kb max_used=10164Kb free=109835Kb
 bounds [0x0000024d90cc0000, 0x0000024d916b0000, 0x0000024d981f0000]
CodeHeap 'profiled nmethods': size=120000Kb used=29804Kb max_used=29804Kb free=90196Kb
 bounds [0x0000024d891f0000, 0x0000024d8af10000, 0x0000024d90720000]
CodeHeap 'non-nmethods': size=5760Kb used=1515Kb max_used=1591Kb free=4244Kb
 bounds [0x0000024d90720000, 0x0000024d90990000, 0x0000024d90cc0000]
CodeCache: size=245760Kb, used=41483Kb, max_used=41559Kb, free=204275Kb
 total_blobs=13696, nmethods=12874, adapters=727, full_count=0
Compilation: enabled, stopped_count=0, restarted_count=0

Compilation events (20 events):
Event: 2800.217 Thread 0x0000024d9ca69e40 nmethod 13730 0x0000024d916ac690 code [0x0000024d916ac820, 0x0000024d916ac8d0]
Event: 2800.237 Thread 0x0000024d9ca9b450 nmethod 13729 0x0000024d8aeff690 code [0x0000024d8aeffec0, 0x0000024d8af047b0]
Event: 2800.237 Thread 0x0000024d9ca9b450 13733       3       java.nio.MappedByteBuffer::<init> (22 bytes)
Event: 2800.240 Thread 0x0000024d9ca9b450 nmethod 13733 0x0000024d8af06390 code [0x0000024d8af06540, 0x0000024d8af066b0]
Event: 2800.240 Thread 0x0000024d9ca9b450 13734   !   3       java.nio.Bits::reserveMemory (232 bytes)
Event: 2800.253 Thread 0x0000024d9ca9b450 nmethod 13734 0x0000024d8af06790 code [0x0000024d8af06b80, 0x0000024d8af082f8]
Event: 2800.254 Thread 0x0000024d9ca9b450 13735       3       jdk.internal.misc.Unsafe::setMemory (10 bytes)
Event: 2800.254 Thread 0x0000024d9ca9b450 nmethod 13735 0x0000024d8af08e90 code [0x0000024d8af09040, 0x0000024d8af091a0]
Event: 2800.254 Thread 0x0000024d9ca9b450 13732       1       org.eclipse.jdt.internal.core.SourceField::getElementType (3 bytes)
Event: 2800.255 Thread 0x0000024d9ca9b450 nmethod 13732 0x0000024d916ac990 code [0x0000024d916acb20, 0x0000024d916acbe8]
Event: 2800.256 Thread 0x0000024d9ca9b450 13731       3       org.eclipse.jdt.internal.core.PackageFragmentRoot::resource (5 bytes)
Event: 2800.259 Thread 0x0000024d9ca9b450 nmethod 13731 0x0000024d8af09290 code [0x0000024d8af09420, 0x0000024d8af09530]
Event: 2824.243 Thread 0x0000024d9ca9b450 13736       3       java.nio.DirectByteBuffer$Deallocator::<init> (41 bytes)
Event: 2824.244 Thread 0x0000024d9ca9b450 nmethod 13736 0x0000024d8af09610 code [0x0000024d8af097c0, 0x0000024d8af099a0]
Event: 2826.669 Thread 0x0000024d9ca69e40 13737       4       java.util.concurrent.ScheduledThreadPoolExecutor$ScheduledFutureTask::getDelay (16 bytes)
Event: 2826.681 Thread 0x0000024d9ca69e40 nmethod 13737 0x0000024d916acc90 code [0x0000024d916ace40, 0x0000024d916acfd8]
Event: 3043.865 Thread 0x0000024d9ca9b450 13738       3       org.eclipse.jdt.ls.core.internal.ParentProcessWatcher::run (83 bytes)
Event: 3043.915 Thread 0x0000024d9ca9b450 nmethod 13738 0x0000024d8af09a90 code [0x0000024d8af09d20, 0x0000024d8af0a778]
Event: 3123.935 Thread 0x0000024d9ca9b450 13740       3       java.util.Optional::get (22 bytes)
Event: 3123.944 Thread 0x0000024d9ca9b450 nmethod 13740 0x0000024d8af0ab10 code [0x0000024d8af0acc0, 0x0000024d8af0aee0]

GC Heap History (20 events):
Event: 662.388 GC heap before
{Heap before GC invocations=210 (full 3):
 PSYoungGen      total 3584K, used 3264K [0x00000000d5580000, 0x00000000d5b80000, 0x0000000100000000)
  eden space 3072K, 100% used [0x00000000d5580000,0x00000000d5880000,0x00000000d5880000)
  from space 512K, 37% used [0x00000000d5b00000,0x00000000d5b30000,0x00000000d5b80000)
  to   space 512K, 0% used [0x00000000d5a80000,0x00000000d5a80000,0x00000000d5b00000)
 ParOldGen       total 200704K, used 200353K [0x0000000080000000, 0x000000008c400000, 0x00000000d5580000)
  object space 200704K, 99% used [0x0000000080000000,0x000000008c3a87d0,0x000000008c400000)
 Metaspace       used 73459K, committed 75008K, reserved 1179648K
  class space    used 7806K, committed 8512K, reserved 1048576K
}
Event: 662.390 GC heap after
{Heap after GC invocations=210 (full 3):
 PSYoungGen      total 3584K, used 192K [0x00000000d5580000, 0x00000000d5b80000, 0x0000000100000000)
  eden space 3072K, 0% used [0x00000000d5580000,0x00000000d5580000,0x00000000d5880000)
  from space 512K, 37% used [0x00000000d5a80000,0x00000000d5ab0000,0x00000000d5b00000)
  to   space 512K, 0% used [0x00000000d5b00000,0x00000000d5b00000,0x00000000d5b80000)
 ParOldGen       total 200704K, used 200441K [0x0000000080000000, 0x000000008c400000, 0x00000000d5580000)
  object space 200704K, 99% used [0x0000000080000000,0x000000008c3be7d0,0x000000008c400000)
 Metaspace       used 73459K, committed 75008K, reserved 1179648K
  class space    used 7806K, committed 8512K, reserved 1048576K
}
Event: 662.825 GC heap before
{Heap before GC invocations=211 (full 3):
 PSYoungGen      total 3584K, used 3264K [0x00000000d5580000, 0x00000000d5b80000, 0x0000000100000000)
  eden space 3072K, 100% used [0x00000000d5580000,0x00000000d5880000,0x00000000d5880000)
  from space 512K, 37% used [0x00000000d5a80000,0x00000000d5ab0000,0x00000000d5b00000)
  to   space 512K, 0% used [0x00000000d5b00000,0x00000000d5b00000,0x00000000d5b80000)
 ParOldGen       total 200704K, used 200441K [0x0000000080000000, 0x000000008c400000, 0x00000000d5580000)
  object space 200704K, 99% used [0x0000000080000000,0x000000008c3be7d0,0x000000008c400000)
 Metaspace       used 73464K, committed 75008K, reserved 1179648K
  class space    used 7806K, committed 8512K, reserved 1048576K
}
Event: 662.827 GC heap after
{Heap after GC invocations=211 (full 3):
 PSYoungGen      total 3584K, used 192K [0x00000000d5580000, 0x00000000d5b80000, 0x0000000100000000)
  eden space 3072K, 0% used [0x00000000d5580000,0x00000000d5580000,0x00000000d5880000)
  from space 512K, 37% used [0x00000000d5b00000,0x00000000d5b30000,0x00000000d5b80000)
  to   space 512K, 0% used [0x00000000d5a80000,0x00000000d5a80000,0x00000000d5b00000)
 ParOldGen       total 200704K, used 200473K [0x0000000080000000, 0x000000008c400000, 0x00000000d5580000)
  object space 200704K, 99% used [0x0000000080000000,0x000000008c3c67d0,0x000000008c400000)
 Metaspace       used 73464K, committed 75008K, reserved 1179648K
  class space    used 7806K, committed 8512K, reserved 1048576K
}
Event: 663.233 GC heap before
{Heap before GC invocations=212 (full 3):
 PSYoungGen      total 3584K, used 3237K [0x00000000d5580000, 0x00000000d5b80000, 0x0000000100000000)
  eden space 3072K, 99% used [0x00000000d5580000,0x00000000d5879720,0x00000000d5880000)
  from space 512K, 37% used [0x00000000d5b00000,0x00000000d5b30000,0x00000000d5b80000)
  to   space 512K, 0% used [0x00000000d5a80000,0x00000000d5a80000,0x00000000d5b00000)
 ParOldGen       total 200704K, used 200473K [0x0000000080000000, 0x000000008c400000, 0x00000000d5580000)
  object space 200704K, 99% used [0x0000000080000000,0x000000008c3c67d0,0x000000008c400000)
 Metaspace       used 73892K, committed 75520K, reserved 1179648K
  class space    used 7849K, committed 8576K, reserved 1048576K
}
Event: 663.237 GC heap after
{Heap after GC invocations=212 (full 3):
 PSYoungGen      total 3584K, used 403K [0x00000000d5580000, 0x00000000d5b80000, 0x0000000100000000)
  eden space 3072K, 0% used [0x00000000d5580000,0x00000000d5580000,0x00000000d5880000)
  from space 512K, 78% used [0x00000000d5a80000,0x00000000d5ae4e20,0x00000000d5b00000)
  to   space 512K, 0% used [0x00000000d5b00000,0x00000000d5b00000,0x00000000d5b80000)
 ParOldGen       total 200704K, used 200545K [0x0000000080000000, 0x000000008c400000, 0x00000000d5580000)
  object space 200704K, 99% used [0x0000000080000000,0x000000008c3d87d0,0x000000008c400000)
 Metaspace       used 73892K, committed 75520K, reserved 1179648K
  class space    used 7849K, committed 8576K, reserved 1048576K
}
Event: 663.393 GC heap before
{Heap before GC invocations=213 (full 3):
 PSYoungGen      total 3584K, used 3473K [0x00000000d5580000, 0x00000000d5b80000, 0x0000000100000000)
  eden space 3072K, 99% used [0x00000000d5580000,0x00000000d587f860,0x00000000d5880000)
  from space 512K, 78% used [0x00000000d5a80000,0x00000000d5ae4e20,0x00000000d5b00000)
  to   space 512K, 0% used [0x00000000d5b00000,0x00000000d5b00000,0x00000000d5b80000)
 ParOldGen       total 200704K, used 200545K [0x0000000080000000, 0x000000008c400000, 0x00000000d5580000)
  object space 200704K, 99% used [0x0000000080000000,0x000000008c3d87d0,0x000000008c400000)
 Metaspace       used 74342K, committed 75968K, reserved 1179648K
  class space    used 7887K, committed 8576K, reserved 1048576K
}
Event: 663.396 GC heap after
{Heap after GC invocations=213 (full 3):
 PSYoungGen      total 3584K, used 256K [0x00000000d5580000, 0x00000000d5b80000, 0x0000000100000000)
  eden space 3072K, 0% used [0x00000000d5580000,0x00000000d5580000,0x00000000d5880000)
  from space 512K, 50% used [0x00000000d5b00000,0x00000000d5b40020,0x00000000d5b80000)
  to   space 512K, 0% used [0x00000000d5a80000,0x00000000d5a80000,0x00000000d5b00000)
 ParOldGen       total 201216K, used 200720K [0x0000000080000000, 0x000000008c480000, 0x00000000d5580000)
  object space 201216K, 99% used [0x0000000080000000,0x000000008c404390,0x000000008c480000)
 Metaspace       used 74342K, committed 75968K, reserved 1179648K
  class space    used 7887K, committed 8576K, reserved 1048576K
}
Event: 663.522 GC heap before
{Heap before GC invocations=214 (full 3):
 PSYoungGen      total 3584K, used 3328K [0x00000000d5580000, 0x00000000d5b80000, 0x0000000100000000)
  eden space 3072K, 100% used [0x00000000d5580000,0x00000000d5880000,0x00000000d5880000)
  from space 512K, 50% used [0x00000000d5b00000,0x00000000d5b40020,0x00000000d5b80000)
  to   space 512K, 0% used [0x00000000d5a80000,0x00000000d5a80000,0x00000000d5b00000)
 ParOldGen       total 201216K, used 200720K [0x0000000080000000, 0x000000008c480000, 0x00000000d5580000)
  object space 201216K, 99% used [0x0000000080000000,0x000000008c404390,0x000000008c480000)
 Metaspace       used 74680K, committed 76288K, reserved 1179648K
  class space    used 7931K, committed 8640K, reserved 1048576K
}
Event: 663.525 GC heap after
{Heap after GC invocations=214 (full 3):
 PSYoungGen      total 3584K, used 192K [0x00000000d5580000, 0x00000000d5b80000, 0x0000000100000000)
  eden space 3072K, 0% used [0x00000000d5580000,0x00000000d5580000,0x00000000d5880000)
  from space 512K, 37% used [0x00000000d5a80000,0x00000000d5ab0000,0x00000000d5b00000)
  to   space 512K, 0% used [0x00000000d5b00000,0x00000000d5b00000,0x00000000d5b80000)
 ParOldGen       total 201216K, used 200856K [0x0000000080000000, 0x000000008c480000, 0x00000000d5580000)
  object space 201216K, 99% used [0x0000000080000000,0x000000008c4263b0,0x000000008c480000)
 Metaspace       used 74680K, committed 76288K, reserved 1179648K
  class space    used 7931K, committed 8640K, reserved 1048576K
}
Event: 663.655 GC heap before
{Heap before GC invocations=215 (full 3):
 PSYoungGen      total 3584K, used 3264K [0x00000000d5580000, 0x00000000d5b80000, 0x0000000100000000)
  eden space 3072K, 100% used [0x00000000d5580000,0x00000000d5880000,0x00000000d5880000)
  from space 512K, 37% used [0x00000000d5a80000,0x00000000d5ab0000,0x00000000d5b00000)
  to   space 512K, 0% used [0x00000000d5b00000,0x00000000d5b00000,0x00000000d5b80000)
 ParOldGen       total 201216K, used 200856K [0x0000000080000000, 0x000000008c480000, 0x00000000d5580000)
  object space 201216K, 99% used [0x0000000080000000,0x000000008c4263b0,0x000000008c480000)
 Metaspace       used 75075K, committed 76736K, reserved 1179648K
  class space    used 7987K, committed 8704K, reserved 1048576K
}
Event: 663.657 GC heap after
{Heap after GC invocations=215 (full 3):
 PSYoungGen      total 3584K, used 208K [0x00000000d5580000, 0x00000000d5b80000, 0x0000000100000000)
  eden space 3072K, 0% used [0x00000000d5580000,0x00000000d5580000,0x00000000d5880000)
  from space 512K, 40% used [0x00000000d5b00000,0x00000000d5b34010,0x00000000d5b80000)
  to   space 512K, 0% used [0x00000000d5a80000,0x00000000d5a80000,0x00000000d5b00000)
 ParOldGen       total 201216K, used 200912K [0x0000000080000000, 0x000000008c480000, 0x00000000d5580000)
  object space 201216K, 99% used [0x0000000080000000,0x000000008c4343b0,0x000000008c480000)
 Metaspace       used 75075K, committed 76736K, reserved 1179648K
  class space    used 7987K, committed 8704K, reserved 1048576K
}
Event: 663.785 GC heap before
{Heap before GC invocations=216 (full 3):
 PSYoungGen      total 3584K, used 3280K [0x00000000d5580000, 0x00000000d5b80000, 0x0000000100000000)
  eden space 3072K, 100% used [0x00000000d5580000,0x00000000d5880000,0x00000000d5880000)
  from space 512K, 40% used [0x00000000d5b00000,0x00000000d5b34010,0x00000000d5b80000)
  to   space 512K, 0% used [0x00000000d5a80000,0x00000000d5a80000,0x00000000d5b00000)
 ParOldGen       total 201216K, used 200912K [0x0000000080000000, 0x000000008c480000, 0x00000000d5580000)
  object space 201216K, 99% used [0x0000000080000000,0x000000008c4343b0,0x000000008c480000)
 Metaspace       used 75301K, committed 76928K, reserved 1179648K
  class space    used 8045K, committed 8768K, reserved 1048576K
}
Event: 663.787 GC heap after
{Heap after GC invocations=216 (full 3):
 PSYoungGen      total 3584K, used 256K [0x00000000d5580000, 0x00000000d5b80000, 0x0000000100000000)
  eden space 3072K, 0% used [0x00000000d5580000,0x00000000d5580000,0x00000000d5880000)
  from space 512K, 50% used [0x00000000d5a80000,0x00000000d5ac0000,0x00000000d5b00000)
  to   space 512K, 0% used [0x00000000d5b00000,0x00000000d5b00000,0x00000000d5b80000)
 ParOldGen       total 201216K, used 201024K [0x0000000080000000, 0x000000008c480000, 0x00000000d5580000)
  object space 201216K, 99% used [0x0000000080000000,0x000000008c4503e0,0x000000008c480000)
 Metaspace       used 75301K, committed 76928K, reserved 1179648K
  class space    used 8045K, committed 8768K, reserved 1048576K
}
Event: 663.953 GC heap before
{Heap before GC invocations=217 (full 3):
 PSYoungGen      total 3584K, used 3328K [0x00000000d5580000, 0x00000000d5b80000, 0x0000000100000000)
  eden space 3072K, 100% used [0x00000000d5580000,0x00000000d5880000,0x00000000d5880000)
  from space 512K, 50% used [0x00000000d5a80000,0x00000000d5ac0000,0x00000000d5b00000)
  to   space 512K, 0% used [0x00000000d5b00000,0x00000000d5b00000,0x00000000d5b80000)
 ParOldGen       total 201216K, used 201024K [0x0000000080000000, 0x000000008c480000, 0x00000000d5580000)
  object space 201216K, 99% used [0x0000000080000000,0x000000008c4503e0,0x000000008c480000)
 Metaspace       used 75595K, committed 77248K, reserved 1179648K
  class space    used 8105K, committed 8832K, reserved 1048576K
}
Event: 663.955 GC heap after
{Heap after GC invocations=217 (full 3):
 PSYoungGen      total 3584K, used 192K [0x00000000d5580000, 0x00000000d5b80000, 0x0000000100000000)
  eden space 3072K, 0% used [0x00000000d5580000,0x00000000d5580000,0x00000000d5880000)
  from space 512K, 37% used [0x00000000d5b00000,0x00000000d5b30000,0x00000000d5b80000)
  to   space 512K, 0% used [0x00000000d5a80000,0x00000000d5a80000,0x00000000d5b00000)
 ParOldGen       total 201216K, used 201088K [0x0000000080000000, 0x000000008c480000, 0x00000000d5580000)
  object space 201216K, 99% used [0x0000000080000000,0x000000008c4603e0,0x000000008c480000)
 Metaspace       used 75595K, committed 77248K, reserved 1179648K
  class space    used 8105K, committed 8832K, reserved 1048576K
}
Event: 664.187 GC heap before
{Heap before GC invocations=218 (full 3):
 PSYoungGen      total 3584K, used 3264K [0x00000000d5580000, 0x00000000d5b80000, 0x0000000100000000)
  eden space 3072K, 100% used [0x00000000d5580000,0x00000000d5880000,0x00000000d5880000)
  from space 512K, 37% used [0x00000000d5b00000,0x00000000d5b30000,0x00000000d5b80000)
  to   space 512K, 0% used [0x00000000d5a80000,0x00000000d5a80000,0x00000000d5b00000)
 ParOldGen       total 201216K, used 201088K [0x0000000080000000, 0x000000008c480000, 0x00000000d5580000)
  object space 201216K, 99% used [0x0000000080000000,0x000000008c4603e0,0x000000008c480000)
 Metaspace       used 75947K, committed 77632K, reserved 1179648K
  class space    used 8157K, committed 8896K, reserved 1048576K
}
Event: 664.190 GC heap after
{Heap after GC invocations=218 (full 3):
 PSYoungGen      total 3584K, used 288K [0x00000000d5580000, 0x00000000d5b80000, 0x0000000100000000)
  eden space 3072K, 0% used [0x00000000d5580000,0x00000000d5580000,0x00000000d5880000)
  from space 512K, 56% used [0x00000000d5a80000,0x00000000d5ac8000,0x00000000d5b00000)
  to   space 512K, 0% used [0x00000000d5b00000,0x00000000d5b00000,0x00000000d5b80000)
 ParOldGen       total 201216K, used 201176K [0x0000000080000000, 0x000000008c480000, 0x00000000d5580000)
  object space 201216K, 99% used [0x0000000080000000,0x000000008c4763e0,0x000000008c480000)
 Metaspace       used 75947K, committed 77632K, reserved 1179648K
  class space    used 8157K, committed 8896K, reserved 1048576K
}
Event: 666.845 GC heap before
{Heap before GC invocations=219 (full 3):
 PSYoungGen      total 3584K, used 3360K [0x00000000d5580000, 0x00000000d5b80000, 0x0000000100000000)
  eden space 3072K, 100% used [0x00000000d5580000,0x00000000d5880000,0x00000000d5880000)
  from space 512K, 56% used [0x00000000d5a80000,0x00000000d5ac8000,0x00000000d5b00000)
  to   space 512K, 0% used [0x00000000d5b00000,0x00000000d5b00000,0x00000000d5b80000)
 ParOldGen       total 201216K, used 201176K [0x0000000080000000, 0x000000008c480000, 0x00000000d5580000)
  object space 201216K, 99% used [0x0000000080000000,0x000000008c4763e0,0x000000008c480000)
 Metaspace       used 76303K, committed 77952K, reserved 1179648K
  class space    used 8207K, committed 8960K, reserved 1048576K
}
Event: 666.854 GC heap after
{Heap after GC invocations=219 (full 3):
 PSYoungGen      total 3584K, used 352K [0x00000000d5580000, 0x00000000d5b80000, 0x0000000100000000)
  eden space 3072K, 0% used [0x00000000d5580000,0x00000000d5580000,0x00000000d5880000)
  from space 512K, 68% used [0x00000000d5b00000,0x00000000d5b58000,0x00000000d5b80000)
  to   space 512K, 0% used [0x00000000d5a80000,0x00000000d5a80000,0x00000000d5b00000)
 ParOldGen       total 201728K, used 201256K [0x0000000080000000, 0x000000008c500000, 0x00000000d5580000)
  object space 201728K, 99% used [0x0000000080000000,0x000000008c48a3e0,0x000000008c500000)
 Metaspace       used 76303K, committed 77952K, reserved 1179648K
  class space    used 8207K, committed 8960K, reserved 1048576K
}

Dll operation events (12 events):
Event: 0.031 Loaded shared library c:\Users\migue\.vscode\extensions\redhat.java-1.50.0-win32-x64\jre\21.0.9-win32-x86_64\bin\java.dll
Event: 0.370 Loaded shared library c:\Users\migue\.vscode\extensions\redhat.java-1.50.0-win32-x64\jre\21.0.9-win32-x86_64\bin\zip.dll
Event: 0.695 Loaded shared library C:\Users\migue\.vscode\extensions\redhat.java-1.50.0-win32-x64\jre\21.0.9-win32-x86_64\bin\instrument.dll
Event: 0.703 Loaded shared library C:\Users\migue\.vscode\extensions\redhat.java-1.50.0-win32-x64\jre\21.0.9-win32-x86_64\bin\net.dll
Event: 0.713 Loaded shared library C:\Users\migue\.vscode\extensions\redhat.java-1.50.0-win32-x64\jre\21.0.9-win32-x86_64\bin\nio.dll
Event: 0.719 Loaded shared library C:\Users\migue\.vscode\extensions\redhat.java-1.50.0-win32-x64\jre\21.0.9-win32-x86_64\bin\zip.dll
Event: 0.766 Loaded shared library C:\Users\migue\.vscode\extensions\redhat.java-1.50.0-win32-x64\jre\21.0.9-win32-x86_64\bin\jimage.dll
Event: 1.110 Loaded shared library c:\Users\migue\.vscode\extensions\redhat.java-1.50.0-win32-x64\jre\21.0.9-win32-x86_64\bin\verify.dll
Event: 18.830 Loaded shared library C:\Users\migue\AppData\Roaming\Code\User\globalStorage\redhat.java\1.50.0\config_win\org.eclipse.equinox.launcher\org.eclipse.equinox.launcher.win32.win32.x86_64_1.2.1400.v20250801-0854\eclipse_11916.dll
Event: 45.922 Loaded shared library C:\Users\migue\AppData\Local\Temp\jna-103894555\jna1087911820568101207.dll
Event: 48.254 Loaded shared library C:\Users\migue\.vscode\extensions\redhat.java-1.50.0-win32-x64\jre\21.0.9-win32-x86_64\bin\sunmscapi.dll
Event: 49.320 Loaded shared library C:\Users\migue\.vscode\extensions\redhat.java-1.50.0-win32-x64\jre\21.0.9-win32-x86_64\bin\extnet.dll

Deoptimization events (20 events):
Event: 664.488 Thread 0x0000024ddf679ed0 Uncommon trap: trap_request=0xffffffde fr.pc=0x0000024d9163a3b0 relative=0x0000000000000e70
Event: 664.488 Thread 0x0000024ddf679ed0 Uncommon trap: reason=class_check action=maybe_recompile pc=0x0000024d9163a3b0 method=java.util.stream.ReduceOps.makeRef(Ljava/util/stream/Collector;)Ljava/util/stream/TerminalOp; @ 4 c2
Event: 664.488 Thread 0x0000024ddf679ed0 DEOPT PACKING pc=0x0000024d9163a3b0 sp=0x000000dfbfcfe5d0
Event: 664.488 Thread 0x0000024ddf679ed0 DEOPT UNPACKING pc=0x0000024d90776da2 sp=0x000000dfbfcfe510 mode 2
Event: 664.488 Thread 0x0000024ddf679ed0 Uncommon trap: trap_request=0xffffffde fr.pc=0x0000024d91357520 relative=0x00000000000003e0
Event: 664.488 Thread 0x0000024ddf679ed0 Uncommon trap: reason=class_check action=maybe_recompile pc=0x0000024d91357520 method=java.util.stream.ReduceOps$3.getOpFlags()I @ 4 c2
Event: 664.488 Thread 0x0000024ddf679ed0 DEOPT PACKING pc=0x0000024d91357520 sp=0x000000dfbfcfe540
Event: 664.488 Thread 0x0000024ddf679ed0 DEOPT UNPACKING pc=0x0000024d90776da2 sp=0x000000dfbfcfe4d8 mode 2
Event: 664.518 Thread 0x0000024ddf679ed0 Uncommon trap: trap_request=0xffffffde fr.pc=0x0000024d9143aea0 relative=0x0000000000001b40
Event: 664.518 Thread 0x0000024ddf679ed0 Uncommon trap: reason=class_check action=maybe_recompile pc=0x0000024d9143aea0 method=com.google.gson.stream.JsonWriter.string(Ljava/lang/String;)V @ 119 c2
Event: 664.518 Thread 0x0000024ddf679ed0 DEOPT PACKING pc=0x0000024d9143aea0 sp=0x000000dfbfcfdd10
Event: 664.518 Thread 0x0000024ddf679ed0 DEOPT UNPACKING pc=0x0000024d90776da2 sp=0x000000dfbfcfdd08 mode 2
Event: 664.518 Thread 0x0000024ddf679ed0 Uncommon trap: trap_request=0xffffffde fr.pc=0x0000024d9143aea0 relative=0x0000000000001b40
Event: 664.518 Thread 0x0000024ddf679ed0 Uncommon trap: reason=class_check action=maybe_recompile pc=0x0000024d9143aea0 method=com.google.gson.stream.JsonWriter.string(Ljava/lang/String;)V @ 119 c2
Event: 664.518 Thread 0x0000024ddf679ed0 DEOPT PACKING pc=0x0000024d9143aea0 sp=0x000000dfbfcfdc90
Event: 664.518 Thread 0x0000024ddf679ed0 DEOPT UNPACKING pc=0x0000024d90776da2 sp=0x000000dfbfcfdc88 mode 2
Event: 664.518 Thread 0x0000024ddf679ed0 Uncommon trap: trap_request=0xffffffde fr.pc=0x0000024d9143aea0 relative=0x0000000000001b40
Event: 664.518 Thread 0x0000024ddf679ed0 Uncommon trap: reason=class_check action=maybe_recompile pc=0x0000024d9143aea0 method=com.google.gson.stream.JsonWriter.string(Ljava/lang/String;)V @ 119 c2
Event: 664.518 Thread 0x0000024ddf679ed0 DEOPT PACKING pc=0x0000024d9143aea0 sp=0x000000dfbfcfdc90
Event: 664.518 Thread 0x0000024ddf679ed0 DEOPT UNPACKING pc=0x0000024d90776da2 sp=0x000000dfbfcfdc88 mode 2

Classes loaded (20 events):
Event: 664.509 Loading class java/util/TaskQueue
Event: 664.509 Loading class java/util/TaskQueue done
Event: 664.510 Loading class java/util/TimerThread
Event: 664.510 Loading class java/util/TimerThread done
Event: 664.510 Loading class java/util/Timer$ThreadReaper
Event: 664.511 Loading class java/util/Timer$ThreadReaper done
Event: 664.521 Loading class java/util/concurrent/CompletableFuture$UniWhenComplete
Event: 664.523 Loading class java/util/concurrent/CompletableFuture$UniWhenComplete done
Event: 664.524 Loading class java/util/concurrent/CompletableFuture$UniCompose
Event: 664.525 Loading class java/util/concurrent/CompletableFuture$UniCompose done
Event: 664.525 Loading class java/util/concurrent/CompletableFuture$UniRelay
Event: 664.526 Loading class java/util/concurrent/CompletableFuture$UniRelay done
Event: 664.658 Loading class java/util/concurrent/ScheduledThreadPoolExecutor$DelayedWorkQueue$Itr
Event: 664.659 Loading class java/util/concurrent/ScheduledThreadPoolExecutor$DelayedWorkQueue$Itr done
Event: 668.716 Loading class java/lang/ProcessHandleImpl$ExitCompletion
Event: 668.717 Loading class java/lang/ProcessHandleImpl$ExitCompletion done
Event: 668.717 Loading class java/lang/ProcessHandleImpl$1
Event: 668.717 Loading class java/lang/ProcessHandleImpl$1 done
Event: 668.720 Loading class java/util/concurrent/CompletableFuture$UniHandle
Event: 668.720 Loading class java/util/concurrent/CompletableFuture$UniHandle done

Classes unloaded (7 events):
Event: 46.506 Thread 0x0000024d860aec00 Unloading class 0x0000024d9e1a5000 'java/lang/invoke/LambdaForm$MH+0x0000024d9e1a5000'
Event: 46.506 Thread 0x0000024d860aec00 Unloading class 0x0000024d9e1a4c00 'java/lang/invoke/LambdaForm$MH+0x0000024d9e1a4c00'
Event: 46.506 Thread 0x0000024d860aec00 Unloading class 0x0000024d9e1a4800 'java/lang/invoke/LambdaForm$MH+0x0000024d9e1a4800'
Event: 46.506 Thread 0x0000024d860aec00 Unloading class 0x0000024d9e1a4400 'java/lang/invoke/LambdaForm$MH+0x0000024d9e1a4400'
Event: 46.506 Thread 0x0000024d860aec00 Unloading class 0x0000024d9e1a4000 'java/lang/invoke/LambdaForm$BMH+0x0000024d9e1a4000'
Event: 46.506 Thread 0x0000024d860aec00 Unloading class 0x0000024d9e1a3c00 'java/lang/invoke/LambdaForm$DMH+0x0000024d9e1a3c00'
Event: 46.506 Thread 0x0000024d860aec00 Unloading class 0x0000024d9e1a2800 'java/lang/invoke/LambdaForm$DMH+0x0000024d9e1a2800'

Classes redefined (0 events):
No events

Internal exceptions (20 events):
Event: 661.834 Thread 0x0000024de66b1bf0 Exception <a 'sun/nio/fs/WindowsException'{0x00000000d55fa300}> (0x00000000d55fa300) 
thrown [s\src\hotspot\share\prims\jni.cpp, line 520]
Event: 661.834 Thread 0x0000024de66b1bf0 Exception <a 'sun/nio/fs/WindowsException'{0x00000000d55fabe0}> (0x00000000d55fabe0) 
thrown [s\src\hotspot\share\prims\jni.cpp, line 520]
Event: 661.836 Thread 0x0000024de66b1bf0 Exception <a 'sun/nio/fs/WindowsException'{0x00000000d55fc338}> (0x00000000d55fc338) 
thrown [s\src\hotspot\share\prims\jni.cpp, line 520]
Event: 661.836 Thread 0x0000024de66b1bf0 Exception <a 'sun/nio/fs/WindowsException'{0x00000000d55fc968}> (0x00000000d55fc968) 
thrown [s\src\hotspot\share\prims\jni.cpp, line 520]
Event: 661.941 Thread 0x0000024de66b1bf0 Exception <a 'sun/nio/fs/WindowsException'{0x00000000d563b248}> (0x00000000d563b248) 
thrown [s\src\hotspot\share\prims\jni.cpp, line 520]
Event: 661.941 Thread 0x0000024de66b1bf0 Exception <a 'sun/nio/fs/WindowsException'{0x00000000d563bb28}> (0x00000000d563bb28) 
thrown [s\src\hotspot\share\prims\jni.cpp, line 520]
Event: 662.036 Thread 0x0000024de42bbec0 Exception <a 'sun/nio/fs/WindowsException'{0x00000000d577ff30}> (0x00000000d577ff30) 
thrown [s\src\hotspot\share\prims\jni.cpp, line 520]
Event: 662.037 Thread 0x0000024de42bbec0 Exception <a 'sun/nio/fs/WindowsException'{0x00000000d5780810}> (0x00000000d5780810) 
thrown [s\src\hotspot\share\prims\jni.cpp, line 520]
Event: 662.040 Thread 0x0000024de42bbec0 Implicit null exception at 0x0000024d91420e83 to 0x0000024d91421128
Event: 662.181 Thread 0x0000024de42bbec0 Exception <a 'java/lang/NoSuchMethodError'{0x00000000d57799d8}: static [J.<clinit>()V> (0x00000000d57799d8) 
thrown [s\src\hotspot\share\prims\jni.cpp, line 1111]
Event: 662.233 Thread 0x0000024de42bbec0 Exception <a 'java/lang/NoSuchMethodError'{0x00000000d580cb28}: 'java.lang.Object java.lang.invoke.DirectMethodHandle$Holder.newInvokeSpecial(java.lang.Object, java.lang.Object, java.lang.Object, java.lang.Object, java.lang.Object, java.lang.Object, java.lang.Object, java.lang.Object)'> (0x00000000d580cb28) 
thrown [s\src\hotspot\share\interpreter\linkResolver.cpp, line 773]
Event: 663.273 Thread 0x0000024ddf6791b0 Exception <a 'java/io/FileNotFoundException'{0x00000000d55e4038}> (0x00000000d55e4038) 
thrown [s\src\hotspot\share\prims\jni.cpp, line 520]
Event: 663.969 Thread 0x0000024ddf6791b0 Exception <a 'java/lang/NoSuchMethodError'{0x00000000d55ad770}: 'java.lang.Object java.lang.invoke.DirectMethodHandle$Holder.invokeVirtual(java.lang.Object, java.lang.Object, java.lang.Object, java.lang.Object)'> (0x00000000d55ad770) 
thrown [s\src\hotspot\share\interpreter\linkResolver.cpp, line 773]
Event: 664.320 Thread 0x0000024ddf679ed0 Exception <a 'java/lang/NoSuchMethodError'{0x00000000d56ca420}: 'java.lang.Object java.lang.invoke.DirectMethodHandle$Holder.invokeStatic(java.lang.Object, long, java.lang.Object, java.lang.Object)'> (0x00000000d56ca420) 
thrown [s\src\hotspot\share\interpreter\linkResolver.cpp, line 773]
Event: 664.439 Thread 0x0000024ddf679ed0 Exception <a 'sun/nio/fs/WindowsException'{0x00000000d5769ca8}> (0x00000000d5769ca8) 
thrown [s\src\hotspot\share\prims\jni.cpp, line 520]
Event: 664.440 Thread 0x0000024ddf679ed0 Exception <a 'sun/nio/fs/WindowsException'{0x00000000d576aca8}> (0x00000000d576aca8) 
thrown [s\src\hotspot\share\prims\jni.cpp, line 520]
Event: 664.520 Thread 0x0000024ddf679ed0 Exception <a 'java/lang/NoSuchMethodError'{0x00000000d58131d0}: 'void java.lang.invoke.DirectMethodHandle$Holder.invokeStatic(java.lang.Object, java.lang.Object, java.lang.Object, java.lang.Object, java.lang.Object, java.lang.Object, java.lang.Object)'> (0x00000000d58131d0) 
thrown [s\src\hotspot\share\interpreter\linkResolver.cpp, line 773]
Event: 666.842 Thread 0x0000024ddf67a560 Exception <a 'java/lang/NoSuchMethodError'{0x00000000d586e780}: 'long java.lang.invoke.DelegatingMethodHandle$Holder.reinvoke_L(java.lang.Object, java.lang.Object)'> (0x00000000d586e780) 
thrown [s\src\hotspot\share\interpreter\linkResolver.cpp, line 773]
Event: 666.844 Thread 0x0000024ddf67a560 Exception <a 'java/lang/NoSuchMethodError'{0x00000000d58788f0}: 'void java.lang.invoke.DelegatingMethodHandle$Holder.reinvoke_L(java.lang.Object, java.lang.Object, long)'> (0x00000000d58788f0) 
thrown [s\src\hotspot\share\interpreter\linkResolver.cpp, line 773]
Event: 668.726 Thread 0x0000024ddf67a560 Exception <a 'java/lang/NoSuchMethodError'{0x00000000d5687bb0}: 'long java.lang.invoke.Invokers$Holder.invokeExact_MT(java.lang.Object, java.lang.Object, java.lang.Object)'> (0x00000000d5687bb0) 
thrown [s\src\hotspot\share\interpreter\linkResolver.cpp, line 773]

ZGC Phase Switch (0 events):
No events

VM Operations (20 events):
Event: 2753.456 Executing VM operation: RendezvousGCThreads
Event: 2753.457 Executing VM operation: RendezvousGCThreads done
Event: 2800.750 Executing VM operation: Cleanup
Event: 2800.750 Executing VM operation: Cleanup done
Event: 2813.606 Executing VM operation: HandshakeAllThreads (HandshakeForDeflation)
Event: 2813.606 Executing VM operation: HandshakeAllThreads (HandshakeForDeflation) done
Event: 2813.607 Executing VM operation: RendezvousGCThreads
Event: 2813.607 Executing VM operation: RendezvousGCThreads done
Event: 2873.845 Executing VM operation: HandshakeAllThreads (HandshakeForDeflation)
Event: 2873.845 Executing VM operation: HandshakeAllThreads (HandshakeForDeflation) done
Event: 2873.845 Executing VM operation: RendezvousGCThreads
Event: 2873.845 Executing VM operation: RendezvousGCThreads done
Event: 2934.064 Executing VM operation: HandshakeAllThreads (HandshakeForDeflation)
Event: 2934.064 Executing VM operation: HandshakeAllThreads (HandshakeForDeflation) done
Event: 2934.064 Executing VM operation: RendezvousGCThreads
Event: 2934.064 Executing VM operation: RendezvousGCThreads done
Event: 2994.147 Executing VM operation: HandshakeAllThreads (HandshakeForDeflation)
Event: 2994.147 Executing VM operation: HandshakeAllThreads (HandshakeForDeflation) done
Event: 2994.148 Executing VM operation: RendezvousGCThreads
Event: 2994.148 Executing VM operation: RendezvousGCThreads done

Memory protections (0 events):
No events

Nmethod flushes (20 events):
Event: 58.673 Thread 0x0000024d860aec00 flushing  nmethod 0x0000024d89ad7a10
Event: 58.673 Thread 0x0000024d860aec00 flushing  nmethod 0x0000024d89ad8c90
Event: 58.673 Thread 0x0000024d860aec00 flushing  nmethod 0x0000024d89af3110
Event: 58.673 Thread 0x0000024d860aec00 flushing  nmethod 0x0000024d89af4210
Event: 58.673 Thread 0x0000024d860aec00 flushing  nmethod 0x0000024d89afeb90
Event: 58.673 Thread 0x0000024d860aec00 flushing  nmethod 0x0000024d89b10510
Event: 58.673 Thread 0x0000024d860aec00 flushing osr nmethod 0x0000024d89b4e890
Event: 58.673 Thread 0x0000024d860aec00 flushing  nmethod 0x0000024d89b61690
Event: 58.673 Thread 0x0000024d860aec00 flushing  nmethod 0x0000024d89b74990
Event: 58.673 Thread 0x0000024d860aec00 flushing  nmethod 0x0000024d89b80710
Event: 58.673 Thread 0x0000024d860aec00 flushing  nmethod 0x0000024d89b81610
Event: 58.673 Thread 0x0000024d860aec00 flushing  nmethod 0x0000024d89ba3810
Event: 58.673 Thread 0x0000024d860aec00 flushing  nmethod 0x0000024d89ba9f90
Event: 58.673 Thread 0x0000024d860aec00 flushing  nmethod 0x0000024d89baa810
Event: 58.673 Thread 0x0000024d860aec00 flushing  nmethod 0x0000024d89badd10
Event: 58.673 Thread 0x0000024d860aec00 flushing  nmethod 0x0000024d89bae410
Event: 58.673 Thread 0x0000024d860aec00 flushing  nmethod 0x0000024d89baeb90
Event: 58.673 Thread 0x0000024d860aec00 flushing  nmethod 0x0000024d89bb6190
Event: 58.673 Thread 0x0000024d860aec00 flushing  nmethod 0x0000024d89bd8d10
Event: 58.673 Thread 0x0000024d860aec00 flushing  nmethod 0x0000024d89bdf390

Events (20 events):
Event: 806.610 Thread 0x0000024de8d17390 Thread exited: 0x0000024de8d17390
Event: 806.610 Thread 0x0000024de8d1aea0 Thread exited: 0x0000024de8d1aea0
Event: 806.612 Thread 0x0000024de8d17a20 Thread exited: 0x0000024de8d17a20
Event: 807.826 Thread 0x0000024de8d19af0 Thread exited: 0x0000024de8d19af0
Event: 807.850 Thread 0x0000024ddf677770 Thread exited: 0x0000024ddf677770
Event: 807.852 Thread 0x0000024de8d1c8e0 Thread exited: 0x0000024de8d1c8e0
Event: 807.856 Thread 0x0000024de66b49e0 Thread exited: 0x0000024de66b49e0
Event: 807.857 Thread 0x0000024de66b2fa0 Thread exited: 0x0000024de66b2fa0
Event: 807.858 Thread 0x0000024de66b3cc0 Thread exited: 0x0000024de66b3cc0
Event: 807.858 Thread 0x0000024de8d1c250 Thread exited: 0x0000024de8d1c250
Event: 807.887 Thread 0x0000024de66b4350 Thread exited: 0x0000024de66b4350
Event: 818.314 Thread 0x0000024de66b1560 Thread exited: 0x0000024de66b1560
Event: 867.839 Thread 0x0000024de8d18dd0 Thread exited: 0x0000024de8d18dd0
Event: 878.319 Thread 0x0000024de66b2280 Thread exited: 0x0000024de66b2280
Event: 927.845 Thread 0x0000024de8d1a180 Thread exited: 0x0000024de8d1a180
Event: 938.329 Thread 0x0000024de66b0ed0 Thread exited: 0x0000024de66b0ed0
Event: 987.846 Thread 0x0000024de8d16d00 Thread exited: 0x0000024de8d16d00
Event: 998.334 Thread 0x0000024de66ada50 Thread exited: 0x0000024de66ada50
Event: 2800.160 Thread 0x0000024de66ae0e0 Thread added: 0x0000024ddf677770
Event: 2884.265 Thread 0x0000024ddf677770 Thread exited: 0x0000024ddf677770


Dynamic libraries:
0x00007ff7e9890000 - 0x00007ff7e989e000 	c:\Users\migue\.vscode\extensions\redhat.java-1.50.0-win32-x64\jre\21.0.9-win32-x86_64\bin\java.exe
0x00007ffbdf9e0000 - 0x00007ffbdfc47000 	C:\WINDOWS\SYSTEM32\ntdll.dll
0x00007ffbde530000 - 0x00007ffbde5f9000 	C:\WINDOWS\System32\KERNEL32.DLL
0x00007ffbdcf40000 - 0x00007ffbdd32f000 	C:\WINDOWS\System32\KERNELBASE.dll
0x00007ffbdd430000 - 0x00007ffbdd57b000 	C:\WINDOWS\System32\ucrtbase.dll
0x00007ffbb6dc0000 - 0x00007ffbb6dd8000 	c:\Users\migue\.vscode\extensions\redhat.java-1.50.0-win32-x64\jre\21.0.9-win32-x86_64\bin\jli.dll
0x00007ffbde630000 - 0x00007ffbde7f5000 	C:\WINDOWS\System32\USER32.dll
0x00007ffbdd340000 - 0x00007ffbdd367000 	C:\WINDOWS\System32\win32u.dll
0x00007ffbde440000 - 0x00007ffbde46b000 	C:\WINDOWS\System32\GDI32.dll
0x00007ffbdcbe0000 - 0x00007ffbdcd0c000 	C:\WINDOWS\System32\gdi32full.dll
0x00007ffbb6480000 - 0x00007ffbb649e000 	c:\Users\migue\.vscode\extensions\redhat.java-1.50.0-win32-x64\jre\21.0.9-win32-x86_64\bin\VCRUNTIME140.dll
0x00007ffbdcb30000 - 0x00007ffbdcbd3000 	C:\WINDOWS\System32\msvcp_win.dll
0x00007ffbc5fb0000 - 0x00007ffbc6243000 	C:\WINDOWS\WinSxS\amd64_microsoft.windows.common-controls_6595b64144ccf1df_6.0.26100.7309_none_3e05feeae336a044\COMCTL32.dll
0x00007ffbddc80000 - 0x00007ffbddd29000 	C:\WINDOWS\System32\msvcrt.dll
0x00007ffbddef0000 - 0x00007ffbddf21000 	C:\WINDOWS\System32\IMM32.DLL
0x00007ffbd4f60000 - 0x00007ffbd4f6c000 	c:\Users\migue\.vscode\extensions\redhat.java-1.50.0-win32-x64\jre\21.0.9-win32-x86_64\bin\vcruntime140_1.dll
0x00007ffba6940000 - 0x00007ffba69cd000 	c:\Users\migue\.vscode\extensions\redhat.java-1.50.0-win32-x64\jre\21.0.9-win32-x86_64\bin\msvcp140.dll
0x00007ffaee7f0000 - 0x00007ffaef590000 	c:\Users\migue\.vscode\extensions\redhat.java-1.50.0-win32-x64\jre\21.0.9-win32-x86_64\bin\server\jvm.dll
0x00007ffbde470000 - 0x00007ffbde524000 	C:\WINDOWS\System32\ADVAPI32.dll
0x00007ffbde8e0000 - 0x00007ffbde986000 	C:\WINDOWS\System32\sechost.dll
0x00007ffbdf320000 - 0x00007ffbdf438000 	C:\WINDOWS\System32\RPCRT4.dll
0x00007ffbdeb40000 - 0x00007ffbdebb4000 	C:\WINDOWS\System32\WS2_32.dll
0x00007ffbdc990000 - 0x00007ffbdc9ee000 	C:\WINDOWS\SYSTEM32\POWRPROF.dll
0x00007ffbc7400000 - 0x00007ffbc7435000 	C:\WINDOWS\SYSTEM32\WINMM.dll
0x00007ffbc9d90000 - 0x00007ffbc9d9b000 	C:\WINDOWS\SYSTEM32\VERSION.dll
0x00007ffbdc970000 - 0x00007ffbdc984000 	C:\WINDOWS\SYSTEM32\UMPDC.dll
0x00007ffbdb8e0000 - 0x00007ffbdb8fb000 	C:\WINDOWS\SYSTEM32\kernel.appcore.dll
0x00007ffbcc560000 - 0x00007ffbcc56a000 	c:\Users\migue\.vscode\extensions\redhat.java-1.50.0-win32-x64\jre\21.0.9-win32-x86_64\bin\jimage.dll
0x00007ffbda040000 - 0x00007ffbda282000 	C:\WINDOWS\SYSTEM32\DBGHELP.DLL
0x00007ffbdd8f0000 - 0x00007ffbddc75000 	C:\WINDOWS\System32\combase.dll
0x00007ffbde800000 - 0x00007ffbde8d6000 	C:\WINDOWS\System32\OLEAUT32.dll
0x00007ffbc3940000 - 0x00007ffbc397c000 	C:\WINDOWS\SYSTEM32\dbgcore.DLL
0x00007ffbdcd10000 - 0x00007ffbdcdb5000 	C:\WINDOWS\System32\bcryptPrimitives.dll
0x00007ffbc7a80000 - 0x00007ffbc7a8f000 	c:\Users\migue\.vscode\extensions\redhat.java-1.50.0-win32-x64\jre\21.0.9-win32-x86_64\bin\instrument.dll
0x00007ffbb2960000 - 0x00007ffbb2980000 	c:\Users\migue\.vscode\extensions\redhat.java-1.50.0-win32-x64\jre\21.0.9-win32-x86_64\bin\java.dll
0x00007ffbdebc0000 - 0x00007ffbdf313000 	C:\WINDOWS\System32\SHELL32.dll
0x00007ffbdd610000 - 0x00007ffbdd77a000 	C:\WINDOWS\System32\wintypes.dll
0x00007ffbda710000 - 0x00007ffbdaf6e000 	C:\WINDOWS\SYSTEM32\windows.storage.dll
0x00007ffbddd90000 - 0x00007ffbdde85000 	C:\WINDOWS\System32\SHCORE.dll
0x00007ffbdf540000 - 0x00007ffbdf5a6000 	C:\WINDOWS\System32\shlwapi.dll
0x00007ffbdca50000 - 0x00007ffbdca79000 	C:\WINDOWS\SYSTEM32\profapi.dll
0x00007ffbb2820000 - 0x00007ffbb2838000 	c:\Users\migue\.vscode\extensions\redhat.java-1.50.0-win32-x64\jre\21.0.9-win32-x86_64\bin\zip.dll
0x00007ffbc7830000 - 0x00007ffbc7840000 	C:\Users\migue\.vscode\extensions\redhat.java-1.50.0-win32-x64\jre\21.0.9-win32-x86_64\bin\net.dll
0x00007ffbcdb30000 - 0x00007ffbcdc58000 	C:\WINDOWS\SYSTEM32\WINHTTP.dll
0x00007ffbdbe50000 - 0x00007ffbdbebb000 	C:\WINDOWS\system32\mswsock.dll
0x00007ffbb6220000 - 0x00007ffbb6236000 	C:\Users\migue\.vscode\extensions\redhat.java-1.50.0-win32-x64\jre\21.0.9-win32-x86_64\bin\nio.dll
0x00007ffbc7690000 - 0x00007ffbc76a0000 	c:\Users\migue\.vscode\extensions\redhat.java-1.50.0-win32-x64\jre\21.0.9-win32-x86_64\bin\verify.dll
0x00007ffbb2880000 - 0x00007ffbb28c4000 	C:\Users\migue\AppData\Roaming\Code\User\globalStorage\redhat.java\1.50.0\config_win\org.eclipse.equinox.launcher\org.eclipse.equinox.launcher.win32.win32.x86_64_1.2.1400.v20250801-0854\eclipse_11916.dll
0x00007ffbde990000 - 0x00007ffbdeb27000 	C:\WINDOWS\System32\ole32.dll
0x00007ffbdc110000 - 0x00007ffbdc12b000 	C:\WINDOWS\SYSTEM32\CRYPTSP.dll
0x00007ffbdb840000 - 0x00007ffbdb87a000 	C:\WINDOWS\system32\rsaenh.dll
0x00007ffbdbf00000 - 0x00007ffbdbf2b000 	C:\WINDOWS\SYSTEM32\USERENV.dll
0x00007ffbdca20000 - 0x00007ffbdca4a000 	C:\WINDOWS\SYSTEM32\bcrypt.dll
0x00007ffbdc130000 - 0x00007ffbdc13c000 	C:\WINDOWS\SYSTEM32\CRYPTBASE.dll
0x00007ffbdb400000 - 0x00007ffbdb434000 	C:\WINDOWS\SYSTEM32\IPHLPAPI.DLL
0x00007ffbdf630000 - 0x00007ffbdf63a000 	C:\WINDOWS\System32\NSI.dll
0x00007ffb6d740000 - 0x00007ffb6d789000 	C:\Users\migue\AppData\Local\Temp\jna-103894555\jna1087911820568101207.dll
0x00007ffbdde90000 - 0x00007ffbdde98000 	C:\WINDOWS\System32\PSAPI.DLL
0x00007ffbcdd70000 - 0x00007ffbcdd8e000 	C:\WINDOWS\SYSTEM32\dhcpcsvc6.DLL
0x00007ffbcdd40000 - 0x00007ffbcdd63000 	C:\WINDOWS\SYSTEM32\dhcpcsvc.DLL
0x00007ffbcc910000 - 0x00007ffbcc91e000 	C:\Users\migue\.vscode\extensions\redhat.java-1.50.0-win32-x64\jre\21.0.9-win32-x86_64\bin\sunmscapi.dll
0x00007ffbdcdc0000 - 0x00007ffbdcf37000 	C:\WINDOWS\System32\CRYPT32.dll
0x00007ffbdc330000 - 0x00007ffbdc360000 	C:\WINDOWS\SYSTEM32\ncrypt.dll
0x00007ffbdc2e0000 - 0x00007ffbdc31f000 	C:\WINDOWS\SYSTEM32\NTASN1.dll
0x00007ffbdb440000 - 0x00007ffbdb56c000 	C:\WINDOWS\SYSTEM32\DNSAPI.dll
0x00007ffbcb8b0000 - 0x00007ffbcb8bb000 	C:\Windows\System32\rasadhlp.dll
0x00007ffbce0c0000 - 0x00007ffbce146000 	C:\WINDOWS\System32\fwpuclnt.dll
0x00007ffbc6f20000 - 0x00007ffbc6f29000 	C:\Users\migue\.vscode\extensions\redhat.java-1.50.0-win32-x64\jre\21.0.9-win32-x86_64\bin\extnet.dll
0x00007ffbdba00000 - 0x00007ffbdba36000 	C:\WINDOWS\SYSTEM32\ntmarta.dll

JVMTI agents:
c:\Users\migue\.vscode\extensions\redhat.java-1.50.0-win32-x64\lombok\lombok-1.18.39-4050.jar path:c:\Users\migue\.vscode\extensions\redhat.java-1.50.0-win32-x64\jre\21.0.9-win32-x86_64\bin\instrument.dll, loaded, initialized, instrumentlib options:none

dbghelp: loaded successfully - version: 4.0.5 - missing functions: none
symbol engine: initialized successfully - sym options: 0x614 - pdb path: .;c:\Users\migue\.vscode\extensions\redhat.java-1.50.0-win32-x64\jre\21.0.9-win32-x86_64\bin;C:\WINDOWS\SYSTEM32;C:\WINDOWS\WinSxS\amd64_microsoft.windows.common-controls_6595b64144ccf1df_6.0.26100.7309_none_3e05feeae336a044;c:\Users\migue\.vscode\extensions\redhat.java-1.50.0-win32-x64\jre\21.0.9-win32-x86_64\bin\server;C:\Users\migue\AppData\Roaming\Code\User\globalStorage\redhat.java\1.50.0\config_win\org.eclipse.equinox.launcher\org.eclipse.equinox.launcher.win32.win32.x86_64_1.2.1400.v20250801-0854;C:\Users\migue\AppData\Local\Temp\jna-103894555

VM Arguments:
jvm_args: --add-modules=ALL-SYSTEM --add-opens=java.base/java.util=ALL-UNNAMED --add-opens=java.base/java.lang=ALL-UNNAMED --add-opens=java.base/sun.nio.fs=ALL-UNNAMED -Declipse.application=org.eclipse.jdt.ls.core.id1 -Dosgi.bundles.defaultStartLevel=4 -Declipse.product=org.eclipse.jdt.ls.core.product -Djava.import.generatesMetadataFilesAtProjectRoot=false -DDetectVMInstallationsJob.disabled=true -Dfile.encoding=utf8 -XX:+UseParallelGC -XX:GCTimeRatio=4 -XX:AdaptiveSizePolicyWeight=90 -Dsun.zip.disableMemoryMapping=true -Xmx2G -Xms100m -Xlog:disable -javaagent:c:\Users\migue\.vscode\extensions\redhat.java-1.50.0-win32-x64\lombok\lombok-1.18.39-4050.jar -XX:+HeapDumpOnOutOfMemoryError -XX:HeapDumpPath=c:\Users\migue\AppData\Roaming\Code\User\workspaceStorage\a639b46f90215a13307bf9c14b7ca7a8\redhat.java -Daether.dependencyCollector.impl=bf 
java_command: c:\Users\migue\.vscode\extensions\redhat.java-1.50.0-win32-x64\server\plugins\org.eclipse.equinox.launcher_1.7.100.v20251111-0406.jar -configuration c:\Users\migue\AppData\Roaming\Code\User\globalStorage\redhat.java\1.50.0\config_win -data c:\Users\migue\AppData\Roaming\Code\User\workspaceStorage\a639b46f90215a13307bf9c14b7ca7a8\redhat.java\jdt_ws --pipe=\\.\pipe\lsp-9b3734d0eb4cf35f00beb71c55b6a4d1-sock
java_class_path (initial): c:\Users\migue\.vscode\extensions\redhat.java-1.50.0-win32-x64\server\plugins\org.eclipse.equinox.launcher_1.7.100.v20251111-0406.jar
Launcher Type: SUN_STANDARD

[Global flags]
    uintx AdaptiveSizePolicyWeight                 = 90                                        {product} {command line}
     intx CICompilerCount                          = 4                                         {product} {ergonomic}
    uintx GCTimeRatio                              = 4                                         {product} {command line}
     bool HeapDumpOnOutOfMemoryError               = true                                   {manageable} {command line}
    ccstr HeapDumpPath                             = c:\Users\migue\AppData\Roaming\Code\User\workspaceStorage\a639b46f90215a13307bf9c14b7ca7a8\redhat.java         {manageable} {command line}
   size_t InitialHeapSize                          = 104857600                                 {product} {command line}
   size_t MaxHeapSize                              = 2147483648                                {product} {command line}
   size_t MaxNewSize                               = 715653120                                 {product} {ergonomic}
   size_t MinHeapDeltaBytes                        = 524288                                    {product} {ergonomic}
   size_t MinHeapSize                              = 104857600                                 {product} {command line}
   size_t NewSize                                  = 34603008                                  {product} {ergonomic}
    uintx NonNMethodCodeHeapSize                   = 5839372                                {pd product} {ergonomic}
    uintx NonProfiledCodeHeapSize                  = 122909434                              {pd product} {ergonomic}
   size_t OldSize                                  = 70254592                                  {product} {ergonomic}
    uintx ProfiledCodeHeapSize                     = 122909434                              {pd product} {ergonomic}
    uintx ReservedCodeCacheSize                    = 251658240                              {pd product} {ergonomic}
     bool SegmentedCodeCache                       = true                                      {product} {ergonomic}
   size_t SoftMaxHeapSize                          = 2147483648                             {manageable} {ergonomic}
     bool UseCompressedOops                        = true                           {product lp64_product} {ergonomic}
     bool UseLargePagesIndividualAllocation        = false                                  {pd product} {ergonomic}
     bool UseParallelGC                            = true                                      {product} {command line}

Logging:
Log output configuration:
 #0: stdout all=off uptime,level,tags foldmultilines=false
 #1: stderr all=off uptime,level,tags foldmultilines=false

Release file:
JAVA_VERSION="21.0.9" 
MODULES="java.base java.compiler java.datatransfer java.xml java.prefs java.desktop java.instrument java.logging java.management java.security.sasl java.naming java.rmi java.management.rmi java.net.http java.scripting java.security.jgss java.transaction.xa java.sql java.sql.rowset java.xml.crypto java.se java.smartcardio jdk.accessibility jdk.internal.jvmstat jdk.attach jdk.charsets jdk.internal.opt jdk.zipfs jdk.compiler jdk.crypto.ec jdk.crypto.cryptoki jdk.crypto.mscapi jdk.dynalink jdk.internal.ed jdk.editpad jdk.hotspot.agent jdk.httpserver jdk.internal.le jdk.internal.vm.ci jdk.internal.vm.compiler jdk.internal.vm.compiler.management jdk.jartool jdk.javadoc jdk.jcmd jdk.management jdk.management.agent jdk.jconsole jdk.jdeps jdk.jdwp.agent jdk.jdi jdk.jfr jdk.jshell jdk.jsobject jdk.jstatd jdk.localedata jdk.management.jfr jdk.naming.dns jdk.naming.rmi jdk.net jdk.nio.mapmode jdk.random jdk.sctp jdk.security.auth jdk.security.jgss jdk.unsupported jdk.unsupported.desktop jdk.xml.dom" 

Environment Variables:
JAVA_HOME=C:\Program Files\Java\jdk-21
PATH=C:\Program Files\Common Files\Oracle\Java\javapath;C:\Program Files (x86)\Common Files\Oracle\Java\javapath;C:\WINDOWS\system32;C:\WINDOWS;C:\WINDOWS\System32\Wbem;C:\WINDOWS\System32\WindowsPowerShell\v1.0\;C:\WINDOWS\System32\OpenSSH\;C:\Program Files\Git\cmd;C:\Program Files\dotnet\;C:\Program Files\nodejs\;C:\Users\migue\AppData\Local\Muse Hub\lib;C:\Program Files\Java\jdk-21\bin;C:\Users\migue\AppData\Local\Android\Sdk\tools;C:\Users\migue\AppData\Local\Android\Sdk\platform-tools;C:\Users\migue\AppData\Local\Android\Sdk\emulator;C:\Program Files\Java\jre-1.8\bin;C:\Program Files\Common Files\Oracle\Java\javapath;C:\Program Files (x86)\Common Files\Oracle\Java\javapath;C:\WINDOWS\system32;C:\WINDOWS;C:\WINDOWS\System32\Wbem;C:\WINDOWS\System32\WindowsPowerShell\v1.0\;C:\WINDOWS\System32\OpenSSH\;C:\Program Files\Git\cmd;C:\Program Files\dotnet\;C:\Program Files\nodejs\;C:\Users\migue\AppData\Local\Microsoft\WindowsApps;C:\Users\migue\AppData\Local\Programs\Microsoft VS Code\bin;C:\Users\migue\AppData\Local\Muse Hub\lib;C:\Users\migue\AppData\Roaming\npm;C:\Users\migue\AppData\Local\Muse Hub\lib;C:\Program Files\Java\jdk-21\bin;C:\Users\migue\AppData\Local\Android\Sdk\tools;C:\Users\migue\AppData\Local\Android\Sdk\emulator;C:\Users\migue\AppData\Local\Android\Sdk\platform-tools;
USERNAME=migue
OS=Windows_NT
PROCESSOR_IDENTIFIER=Intel64 Family 6 Model 140 Stepping 1, GenuineIntel
TMP=C:\Users\migue\AppData\Local\Temp
TEMP=C:\Users\migue\AppData\Local\Temp




Periodic native trim disabled

---------------  S Y S T E M  ---------------

OS:
 Windows 11 , 64 bit Build 26100 (10.0.26100.7309)
OS uptime: 4 days 7:29 hours
Hyper-V role detected

CPU: total 8 (initial active 8) (4 cores per cpu, 2 threads per core) family 6 model 140 stepping 1 microcode 0x8a, cx8, cmov, fxsr, ht, mmx, 3dnowpref, sse, sse2, sse3, ssse3, sse4.1, sse4.2, popcnt, lzcnt, tsc, tscinvbit, avx, avx2, aes, erms, clmul, bmi1, bmi2, adx, avx512f, avx512dq, avx512cd, avx512bw, avx512vl, sha, fma, vzeroupper, avx512_vpopcntdq, avx512_vpclmulqdq, avx512_vaes, avx512_vnni, clflush, clflushopt, clwb, avx512_vbmi2, avx512_vbmi, hv, rdtscp, rdpid, fsrm, gfni, avx512_bitalg, f16c, cet_ibt, cet_ss, avx512_ifma
Processor Information for the first 8 processors :
  Max Mhz: 2419, Current Mhz: 2419, Mhz Limit: 2419

Memory: 4k page, system-wide physical 7971M (509M free)
TotalPageFile size 21692M (AvailPageFile size 85M)
current process WorkingSet (physical memory assigned to process): 11M, peak: 460M
current process commit charge ("private bytes"): 496M, peak: 538M

vm_info: OpenJDK 64-Bit Server VM (21.0.9+10-LTS) for windows-amd64 JRE (21.0.9+10-LTS), built on 2025-10-21T00:00:00Z by "admin" with unknown MS VC++:1942

END.
